{
  "version": "1.5.0",
  "plugins_used": [
    {
      "name": "ArtifactoryDetector"
    },
    {
      "name": "AWSKeyDetector"
    },
    {
      "name": "AzureStorageKeyDetector"
    },
    {
      "name": "Base64HighEntropyString",
      "limit": 4.5
    },
    {
      "name": "BasicAuthDetector"
    },
    {
      "name": "CloudantDetector"
    },
    {
      "name": "DiscordBotTokenDetector"
    },
    {
      "name": "GitHubTokenDetector"
    },
    {
      "name": "GitLabTokenDetector"
    },
    {
      "name": "HexHighEntropyString",
      "limit": 3.0
    },
    {
      "name": "IbmCloudIamDetector"
    },
    {
      "name": "IbmCosHmacDetector"
    },
    {
      "name": "IPPublicDetector"
    },
    {
      "name": "JwtTokenDetector"
    },
    {
      "name": "KeywordDetector",
      "keyword_exclude": ""
    },
    {
      "name": "MailchimpDetector"
    },
    {
      "name": "NpmDetector"
    },
    {
      "name": "OpenAIDetector"
    },
    {
      "name": "PrivateKeyDetector"
    },
    {
      "name": "PypiTokenDetector"
    },
    {
      "name": "SendGridDetector"
    },
    {
      "name": "SlackDetector"
    },
    {
      "name": "SoftlayerDetector"
    },
    {
      "name": "SquareOAuthDetector"
    },
    {
      "name": "StripeDetector"
    },
    {
      "name": "TelegramBotTokenDetector"
    },
    {
      "name": "TwilioKeyDetector"
    }
  ],
  "filters_used": [
    {
      "path": "detect_secrets.filters.allowlist.is_line_allowlisted"
    },
    {
      "path": "detect_secrets.filters.common.is_baseline_file",
      "filename": ".secrets.baseline"
    },
    {
      "path": "detect_secrets.filters.common.is_ignored_due_to_verification_policies",
      "min_level": 2
    },
    {
      "path": "detect_secrets.filters.heuristic.is_indirect_reference"
    },
    {
      "path": "detect_secrets.filters.heuristic.is_likely_id_string"
    },
    {
      "path": "detect_secrets.filters.heuristic.is_lock_file"
    },
    {
      "path": "detect_secrets.filters.heuristic.is_not_alphanumeric_string"
    },
    {
      "path": "detect_secrets.filters.heuristic.is_potential_uuid"
    },
    {
      "path": "detect_secrets.filters.heuristic.is_prefixed_with_dollar_sign"
    },
    {
      "path": "detect_secrets.filters.heuristic.is_sequential_string"
    },
    {
      "path": "detect_secrets.filters.heuristic.is_swagger_file"
    },
    {
      "path": "detect_secrets.filters.heuristic.is_templated_secret"
    },
    {
      "path": "detect_secrets.filters.regex.should_exclude_line",
      "pattern": [
        "^(revision|down_revision)"
      ]
    }
  ],
  "results": {
    ".claude/commands/ship.md": [
      {
        "type": "Private Key",
        "filename": ".claude/commands/ship.md",
        "hashed_secret": "1348b145fa1a555461c1b790a2f66614781091e9",
        "is_verified": false,
        "line_number": 39
      },
      {
        "type": "Secret Keyword",
        "filename": ".claude/commands/ship.md",
        "hashed_secret": "8f531dd657d4c11de15216884f1963082670ce3b",
        "is_verified": false,
        "line_number": 40
      },
      {
        "type": "Basic Auth Credentials",
        "filename": ".claude/commands/ship.md",
        "hashed_secret": "9d4e1e23bd5b727046a9e3b4b7db57bd8d6ee684",
        "is_verified": false,
        "line_number": 40
      }
    ],
    ".github/workflows/ci-api.yml": [
      {
        "type": "Secret Keyword",
        "filename": ".github/workflows/ci-api.yml",
        "hashed_secret": "4ad75af70d6bfc638e293e0072e5ffd3577dc91a",
        "is_verified": false,
        "line_number": 84
      },
      {
        "type": "Basic Auth Credentials",
        "filename": ".github/workflows/ci-api.yml",
        "hashed_secret": "4ad75af70d6bfc638e293e0072e5ffd3577dc91a",
        "is_verified": false,
        "line_number": 118
      },
      {
        "type": "Secret Keyword",
        "filename": ".github/workflows/ci-api.yml",
        "hashed_secret": "fe1bae27cb7c1fb823f496f286e78f1d2ae87734",
        "is_verified": false,
        "line_number": 152
      }
    ],
    "ARCHITECTURE.md": [
      {
        "type": "Basic Auth Credentials",
        "filename": "ARCHITECTURE.md",
        "hashed_secret": "bada514184615f2d30ecbf998998344af7605a87",
        "is_verified": false,
        "line_number": 617
      }
    ],
    "docs/API.md": [
      {
        "type": "Secret Keyword",
        "filename": "docs/API.md",
        "hashed_secret": "ea0c04513c32717f3a09ff7b1fa882c4d8424b2a",
        "is_verified": false,
        "line_number": 37
      }
    ],
    "packages/api/.env.example": [
      {
        "type": "Basic Auth Credentials",
        "filename": "packages/api/.env.example",
        "hashed_secret": "bada514184615f2d30ecbf998998344af7605a87",
        "is_verified": false,
        "line_number": 24
      }
    ],
    "packages/api/src/slate/config.py": [
      {
        "type": "Basic Auth Credentials",
        "filename": "packages/api/src/slate/config.py",
        "hashed_secret": "4ad75af70d6bfc638e293e0072e5ffd3577dc91a",
        "is_verified": false,
        "line_number": 21
      }
    ],
    "packages/api/src/slate/config_validation.py": [
      {
        "type": "Secret Keyword",
        "filename": "packages/api/src/slate/config_validation.py",
        "hashed_secret": "59eeadfe02912817f7f0bd17be2594ba8bc4c305",
        "is_verified": false,
        "line_number": 21
      }
    ],
    "packages/api/tests/conftest.py": [
      {
        "type": "Secret Keyword",
        "filename": "packages/api/tests/conftest.py",
        "hashed_secret": "ebcedd4c5aa12cd18fed22aec280ff07b84964ee",
        "is_verified": false,
        "line_number": 330
      }
    ],
    "packages/api/tests/test_account_integrity.py": [
      {
        "type": "Secret Keyword",
        "filename": "packages/api/tests/test_account_integrity.py",
        "hashed_secret": "120ddf6ad93f0186ff3274d9cdd5976426745496",
        "is_verified": false,
        "line_number": 92
      }
    ],
    "packages/api/tests/test_auth.py": [
      {
        "type": "Secret Keyword",
        "filename": "packages/api/tests/test_auth.py",
        "hashed_secret": "120ddf6ad93f0186ff3274d9cdd5976426745496",
        "is_verified": false,
        "line_number": 21
      },
      {
        "type": "Secret Keyword",
        "filename": "packages/api/tests/test_auth.py",
        "hashed_secret": "d8ecf7db8fc9ec9c31bc5c9ae2929cc599c75f8d",
        "is_verified": false,
        "line_number": 132
      },
      {
        "type": "Secret Keyword",
        "filename": "packages/api/tests/test_auth.py",
        "hashed_secret": "02b3bbaf45317fb81e8180a9aafa70441df098dd",
        "is_verified": false,
        "line_number": 139
      }
    ],
    "packages/api/tests/test_auth_identity_hygiene.py": [
      {
        "type": "Secret Keyword",
        "filename": "packages/api/tests/test_auth_identity_hygiene.py",
        "hashed_secret": "120ddf6ad93f0186ff3274d9cdd5976426745496",
        "is_verified": false,
        "line_number": 63
      }
    ],
    "packages/api/tests/test_auth_kill_switch.py": [
      {
        "type": "Secret Keyword",
        "filename": "packages/api/tests/test_auth_kill_switch.py",
        "hashed_secret": "120ddf6ad93f0186ff3274d9cdd5976426745496",
        "is_verified": false,
        "line_number": 21
      }
    ],
    "packages/api/tests/test_config_validation.py": [
      {
        "type": "Secret Keyword",
        "filename": "packages/api/tests/test_config_validation.py",
        "hashed_secret": "a0f4ea7d91495df92bbac2e2149dfb850fe81396",
        "is_verified": false,
        "line_number": 48
      }
    ],
    "packages/api/tests/test_cross_user_isolation.py": [
      {
        "type": "Secret Keyword",
        "filename": "packages/api/tests/test_cross_user_isolation.py",
        "hashed_secret": "ebcedd4c5aa12cd18fed22aec280ff07b84964ee",
        "is_verified": false,
        "line_number": 20
      }
    ],
    "packages/api/tests/test_game_create.py": [
      {
        "type": "Secret Keyword",
        "filename": "packages/api/tests/test_game_create.py",
        "hashed_secret": "ebcedd4c5aa12cd18fed22aec280ff07b84964ee",
        "is_verified": false,
        "line_number": 43
      }
    ],
    "packages/api/tests/test_igdb_client.py": [
      {
        "type": "Secret Keyword",
        "filename": "packages/api/tests/test_igdb_client.py",
        "hashed_secret": "e5e9fa1ba31ecd1ae84f75caaa474f3a663f05f4",
        "is_verified": false,
        "line_number": 70
      }
    ],
    "packages/api/tests/test_library.py": [
      {
        "type": "Secret Keyword",
        "filename": "packages/api/tests/test_library.py",
        "hashed_secret": "ebcedd4c5aa12cd18fed22aec280ff07b84964ee",
        "is_verified": false,
        "line_number": 726
      }
    ],
    "packages/mobile/.metadata": [
      {
        "type": "Hex High Entropy String",
        "filename": "packages/mobile/.metadata",
        "hashed_secret": "d5e50420881cfb3c3dc9b9430995aa0fefcca684",
        "is_verified": false,
        "line_number": 7
      }
    ],
    "packages/mobile/ios/Runner.xcodeproj/xcshareddata/xcschemes/Runner.xcscheme": [
      {
        "type": "Hex High Entropy String",
        "filename": "packages/mobile/ios/Runner.xcodeproj/xcshareddata/xcschemes/Runner.xcscheme",
        "hashed_secret": "2b423f610b8fbcbec67aa344b423212b034d7a9d",
        "is_verified": false,
        "line_number": 17
      },
      {
        "type": "Hex High Entropy String",
        "filename": "packages/mobile/ios/Runner.xcodeproj/xcshareddata/xcschemes/Runner.xcscheme",
        "hashed_secret": "1dafb929f50242c553cb0555c2ea755b85516e69",
        "is_verified": false,
        "line_number": 46
      }
    ]
  },
  "generated_at": "2026-07-02T18:25:14Z"
}
