{
  "version": "1.5.0",
  "plugins_used": [
    {
      "name": "ArtifactoryDetector"
    },
    {
      "name": "AWSKeyDetector"
    },
    {
      "name": "AzureStorageKeyDetector"
    },
    {
      "name": "Base64HighEntropyString",
      "limit": 4.5
    },
    {
      "name": "BasicAuthDetector"
    },
    {
      "name": "CloudantDetector"
    },
    {
      "name": "DiscordBotTokenDetector"
    },
    {
      "name": "GitHubTokenDetector"
    },
    {
      "name": "GitLabTokenDetector"
    },
    {
      "name": "HexHighEntropyString",
      "limit": 3.0
    },
    {
      "name": "IbmCloudIamDetector"
    },
    {
      "name": "IbmCosHmacDetector"
    },
    {
      "name": "IPPublicDetector"
    },
    {
      "name": "JwtTokenDetector"
    },
    {
      "name": "KeywordDetector",
      "keyword_exclude": ""
    },
    {
      "name": "MailchimpDetector"
    },
    {
      "name": "NpmDetector"
    },
    {
      "name": "OpenAIDetector"
    },
    {
      "name": "PrivateKeyDetector"
    },
    {
      "name": "PypiTokenDetector"
    },
    {
      "name": "SendGridDetector"
    },
    {
      "name": "SlackDetector"
    },
    {
      "name": "SoftlayerDetector"
    },
    {
      "name": "SquareOAuthDetector"
    },
    {
      "name": "StripeDetector"
    },
    {
      "name": "TelegramBotTokenDetector"
    },
    {
      "name": "TwilioKeyDetector"
    }
  ],
  "filters_used": [
    {
      "path": "detect_secrets.filters.allowlist.is_line_allowlisted"
    },
    {
      "path": "detect_secrets.filters.common.is_baseline_file",
      "filename": ".secrets.baseline"
    },
    {
      "path": "detect_secrets.filters.common.is_ignored_due_to_verification_policies",
      "min_level": 2
    },
    {
      "path": "detect_secrets.filters.heuristic.is_indirect_reference"
    },
    {
      "path": "detect_secrets.filters.heuristic.is_likely_id_string"
    },
    {
      "path": "detect_secrets.filters.heuristic.is_lock_file"
    },
    {
      "path": "detect_secrets.filters.heuristic.is_not_alphanumeric_string"
    },
    {
      "path": "detect_secrets.filters.heuristic.is_potential_uuid"
    },
    {
      "path": "detect_secrets.filters.heuristic.is_prefixed_with_dollar_sign"
    },
    {
      "path": "detect_secrets.filters.heuristic.is_sequential_string"
    },
    {
      "path": "detect_secrets.filters.heuristic.is_swagger_file"
    },
    {
      "path": "detect_secrets.filters.heuristic.is_templated_secret"
    }
  ],
  "results": {
    ".claude/commands/ship.md": [
      {
        "type": "Private Key",
        "filename": ".claude/commands/ship.md",
        "hashed_secret": "1348b145fa1a555461c1b790a2f66614781091e9",
        "is_verified": false,
        "line_number": 39
      },
      {
        "type": "Secret Keyword",
        "filename": ".claude/commands/ship.md",
        "hashed_secret": "8f531dd657d4c11de15216884f1963082670ce3b",
        "is_verified": false,
        "line_number": 40
      },
      {
        "type": "Basic Auth Credentials",
        "filename": ".claude/commands/ship.md",
        "hashed_secret": "9d4e1e23bd5b727046a9e3b4b7db57bd8d6ee684",
        "is_verified": false,
        "line_number": 40
      }
    ],
    ".github/workflows/ci-api.yml": [
      {
        "type": "Secret Keyword",
        "filename": ".github/workflows/ci-api.yml",
        "hashed_secret": "4ad75af70d6bfc638e293e0072e5ffd3577dc91a",
        "is_verified": false,
        "line_number": 84
      },
      {
        "type": "Basic Auth Credentials",
        "filename": ".github/workflows/ci-api.yml",
        "hashed_secret": "4ad75af70d6bfc638e293e0072e5ffd3577dc91a",
        "is_verified": false,
        "line_number": 118
      },
      {
        "type": "Secret Keyword",
        "filename": ".github/workflows/ci-api.yml",
        "hashed_secret": "fe1bae27cb7c1fb823f496f286e78f1d2ae87734",
        "is_verified": false,
        "line_number": 152
      }
    ],
    "ARCHITECTURE.md": [
      {
        "type": "Basic Auth Credentials",
        "filename": "ARCHITECTURE.md",
        "hashed_secret": "bada514184615f2d30ecbf998998344af7605a87",
        "is_verified": false,
        "line_number": 617
      }
    ],
    "docs/API.md": [
      {
        "type": "Secret Keyword",
        "filename": "docs/API.md",
        "hashed_secret": "ea0c04513c32717f3a09ff7b1fa882c4d8424b2a",
        "is_verified": false,
        "line_number": 37
      }
    ],
    "packages/api/.env.example": [
      {
        "type": "Basic Auth Credentials",
        "filename": "packages/api/.env.example",
        "hashed_secret": "bada514184615f2d30ecbf998998344af7605a87",
        "is_verified": false,
        "line_number": 24
      }
    ],
    "packages/api/alembic/versions/95879cf6d61f_add_nintendo_switch_2_platform.py": [
      {
        "type": "Hex High Entropy String",
        "filename": "packages/api/alembic/versions/95879cf6d61f_add_nintendo_switch_2_platform.py",
        "hashed_secret": "f88f43cc22a12170eb1d6ddd1efbf9500cc15085",
        "is_verified": false,
        "line_number": 18
      },
      {
        "type": "Hex High Entropy String",
        "filename": "packages/api/alembic/versions/95879cf6d61f_add_nintendo_switch_2_platform.py",
        "hashed_secret": "b63881f2fc0e4d871b17050d4b98da91a0c3f1de",
        "is_verified": false,
        "line_number": 19
      }
    ],
    "packages/api/alembic/versions/995377a9f175_add_play_session_type.py": [
      {
        "type": "Hex High Entropy String",
        "filename": "packages/api/alembic/versions/995377a9f175_add_play_session_type.py",
        "hashed_secret": "643c5e18569dab4c0ca901a7ba480614de3b170d",
        "is_verified": false,
        "line_number": 17
      }
    ],
    "packages/api/alembic/versions/a1e7c4b9d2f6_add_play_session_extraction_version.py": [
      {
        "type": "Hex High Entropy String",
        "filename": "packages/api/alembic/versions/a1e7c4b9d2f6_add_play_session_extraction_version.py",
        "hashed_secret": "71e2161a2348a9127c6273ed33e3606ad9a4dc37",
        "is_verified": false,
        "line_number": 20
      },
      {
        "type": "Hex High Entropy String",
        "filename": "packages/api/alembic/versions/a1e7c4b9d2f6_add_play_session_extraction_version.py",
        "hashed_secret": "66cc35052bf02f70efd42a5c7d1f70c3364cdb54",
        "is_verified": false,
        "line_number": 21
      }
    ],
    "packages/api/alembic/versions/a3f5e1c8b920_add_admin_users.py": [
      {
        "type": "Hex High Entropy String",
        "filename": "packages/api/alembic/versions/a3f5e1c8b920_add_admin_users.py",
        "hashed_secret": "87eef62f884cfa7224af0e53147787dadc2e2221",
        "is_verified": false,
        "line_number": 21
      },
      {
        "type": "Hex High Entropy String",
        "filename": "packages/api/alembic/versions/a3f5e1c8b920_add_admin_users.py",
        "hashed_secret": "914447f3993441675bde670cf1f1fa80067c67f3",
        "is_verified": false,
        "line_number": 22
      }
    ],
    "packages/api/alembic/versions/a486d427f08a_add_play_session_history_indexes.py": [
      {
        "type": "Hex High Entropy String",
        "filename": "packages/api/alembic/versions/a486d427f08a_add_play_session_history_indexes.py",
        "hashed_secret": "89505624c9ab9839f21564b1a00f402894de1adc",
        "is_verified": false,
        "line_number": 16
      },
      {
        "type": "Hex High Entropy String",
        "filename": "packages/api/alembic/versions/a486d427f08a_add_play_session_history_indexes.py",
        "hashed_secret": "d2f9f7031f25658245d996ef0b212a65fd0693ff",
        "is_verified": false,
        "line_number": 17
      }
    ],
    "packages/api/alembic/versions/a7c3d9e1f250_create_play_sessions_table.py": [
      {
        "type": "Hex High Entropy String",
        "filename": "packages/api/alembic/versions/a7c3d9e1f250_create_play_sessions_table.py",
        "hashed_secret": "b3ac0536fadf9d8dffa4f6a90d9ecb1f194c65b8",
        "is_verified": false,
        "line_number": 17
      },
      {
        "type": "Hex High Entropy String",
        "filename": "packages/api/alembic/versions/a7c3d9e1f250_create_play_sessions_table.py",
        "hashed_secret": "f88f43cc22a12170eb1d6ddd1efbf9500cc15085",
        "is_verified": false,
        "line_number": 18
      }
    ],
    "packages/api/alembic/versions/b2f8a1c3d4e5_add_refresh_token_public_id.py": [
      {
        "type": "Hex High Entropy String",
        "filename": "packages/api/alembic/versions/b2f8a1c3d4e5_add_refresh_token_public_id.py",
        "hashed_secret": "e0dbfe02e9fb64c8829403d2f570fe8135e359e0",
        "is_verified": false,
        "line_number": 20
      },
      {
        "type": "Hex High Entropy String",
        "filename": "packages/api/alembic/versions/b2f8a1c3d4e5_add_refresh_token_public_id.py",
        "hashed_secret": "71e2161a2348a9127c6273ed33e3606ad9a4dc37",
        "is_verified": false,
        "line_number": 21
      }
    ],
    "packages/api/alembic/versions/b7c2f4a18d55_add_admin_audit_log.py": [
      {
        "type": "Hex High Entropy String",
        "filename": "packages/api/alembic/versions/b7c2f4a18d55_add_admin_audit_log.py",
        "hashed_secret": "7a72276e73b120e0a6648f2b293aa26cfcca8303",
        "is_verified": false,
        "line_number": 21
      },
      {
        "type": "Hex High Entropy String",
        "filename": "packages/api/alembic/versions/b7c2f4a18d55_add_admin_audit_log.py",
        "hashed_secret": "87eef62f884cfa7224af0e53147787dadc2e2221",
        "is_verified": false,
        "line_number": 22
      }
    ],
    "packages/api/alembic/versions/b82c2e98f4b0_manual_game_attribution.py": [
      {
        "type": "Hex High Entropy String",
        "filename": "packages/api/alembic/versions/b82c2e98f4b0_manual_game_attribution.py",
        "hashed_secret": "12b3b4dd9f7adc277a65bd1bf486c6142c0879ed",
        "is_verified": false,
        "line_number": 16
      },
      {
        "type": "Hex High Entropy String",
        "filename": "packages/api/alembic/versions/b82c2e98f4b0_manual_game_attribution.py",
        "hashed_secret": "89505624c9ab9839f21564b1a00f402894de1adc",
        "is_verified": false,
        "line_number": 17
      }
    ],
    "packages/api/alembic/versions/b8d4e2f3a561_create_picks_table.py": [
      {
        "type": "Hex High Entropy String",
        "filename": "packages/api/alembic/versions/b8d4e2f3a561_create_picks_table.py",
        "hashed_secret": "643c5e18569dab4c0ca901a7ba480614de3b170d",
        "is_verified": false,
        "line_number": 16
      },
      {
        "type": "Hex High Entropy String",
        "filename": "packages/api/alembic/versions/b8d4e2f3a561_create_picks_table.py",
        "hashed_secret": "b3ac0536fadf9d8dffa4f6a90d9ecb1f194c65b8",
        "is_verified": false,
        "line_number": 17
      }
    ],
    "packages/api/alembic/versions/c1d9e6f3a274_add_app_config.py": [
      {
        "type": "Hex High Entropy String",
        "filename": "packages/api/alembic/versions/c1d9e6f3a274_add_app_config.py",
        "hashed_secret": "666ff5fc87bf882eb2952dcf74c1cacbbbbd8493",
        "is_verified": false,
        "line_number": 22
      },
      {
        "type": "Hex High Entropy String",
        "filename": "packages/api/alembic/versions/c1d9e6f3a274_add_app_config.py",
        "hashed_secret": "7a72276e73b120e0a6648f2b293aa26cfcca8303",
        "is_verified": false,
        "line_number": 23
      }
    ],
    "packages/api/alembic/versions/c1f7a9d3e4b2_game_catalogue_visibility.py": [
      {
        "type": "Hex High Entropy String",
        "filename": "packages/api/alembic/versions/c1f7a9d3e4b2_game_catalogue_visibility.py",
        "hashed_secret": "dd280c93d943f152a800276861ad1b0f211e7c53",
        "is_verified": false,
        "line_number": 28
      },
      {
        "type": "Hex High Entropy String",
        "filename": "packages/api/alembic/versions/c1f7a9d3e4b2_game_catalogue_visibility.py",
        "hashed_secret": "9c497cc6eb257f06b7379e4e8e00acc275911388",
        "is_verified": false,
        "line_number": 29
      }
    ],
    "packages/api/alembic/versions/c4d8f2a1b739_add_missing_fk_indexes.py": [
      {
        "type": "Hex High Entropy String",
        "filename": "packages/api/alembic/versions/c4d8f2a1b739_add_missing_fk_indexes.py",
        "hashed_secret": "789017a11458021072d01ea28cc27d4774ec9dbe",
        "is_verified": false,
        "line_number": 14
      }
    ],
    "packages/api/alembic/versions/c4f1a9b2e7d3_create_mfa_tables.py": [
      {
        "type": "Hex High Entropy String",
        "filename": "packages/api/alembic/versions/c4f1a9b2e7d3_create_mfa_tables.py",
        "hashed_secret": "884c3ba09917de16bb9008a81a0a9fc824510ba2",
        "is_verified": false,
        "line_number": 16
      },
      {
        "type": "Hex High Entropy String",
        "filename": "packages/api/alembic/versions/c4f1a9b2e7d3_create_mfa_tables.py",
        "hashed_secret": "e253c9009079aefa984abd260089dd5d9c9d3980",
        "is_verified": false,
        "line_number": 17
      }
    ],
    "packages/api/alembic/versions/d2e8a07b6c91_seed_app_config_defaults.py": [
      {
        "type": "Hex High Entropy String",
        "filename": "packages/api/alembic/versions/d2e8a07b6c91_seed_app_config_defaults.py",
        "hashed_secret": "e253c9009079aefa984abd260089dd5d9c9d3980",
        "is_verified": false,
        "line_number": 27
      },
      {
        "type": "Hex High Entropy String",
        "filename": "packages/api/alembic/versions/d2e8a07b6c91_seed_app_config_defaults.py",
        "hashed_secret": "666ff5fc87bf882eb2952dcf74c1cacbbbbd8493",
        "is_verified": false,
        "line_number": 28
      }
    ],
    "packages/api/alembic/versions/d4b1c7e29a30_add_token_version_and_is_banned.py": [
      {
        "type": "Hex High Entropy String",
        "filename": "packages/api/alembic/versions/d4b1c7e29a30_add_token_version_and_is_banned.py",
        "hashed_secret": "914447f3993441675bde670cf1f1fa80067c67f3",
        "is_verified": false,
        "line_number": 21
      },
      {
        "type": "Hex High Entropy String",
        "filename": "packages/api/alembic/versions/d4b1c7e29a30_add_token_version_and_is_banned.py",
        "hashed_secret": "dd280c93d943f152a800276861ad1b0f211e7c53",
        "is_verified": false,
        "line_number": 22
      }
    ],
    "packages/api/alembic/versions/d5e2c7a9f1b4_add_play_session_embedding.py": [
      {
        "type": "Hex High Entropy String",
        "filename": "packages/api/alembic/versions/d5e2c7a9f1b4_add_play_session_embedding.py",
        "hashed_secret": "1f30900d75c1c9a7fef724f842277a3aec2959e0",
        "is_verified": false,
        "line_number": 23
      },
      {
        "type": "Hex High Entropy String",
        "filename": "packages/api/alembic/versions/d5e2c7a9f1b4_add_play_session_embedding.py",
        "hashed_secret": "884c3ba09917de16bb9008a81a0a9fc824510ba2",
        "is_verified": false,
        "line_number": 24
      }
    ],
    "packages/api/alembic/versions/d5e9a1c7b240_create_usage_counters.py": [
      {
        "type": "Hex High Entropy String",
        "filename": "packages/api/alembic/versions/d5e9a1c7b240_create_usage_counters.py",
        "hashed_secret": "d2f9f7031f25658245d996ef0b212a65fd0693ff",
        "is_verified": false,
        "line_number": 16
      },
      {
        "type": "Hex High Entropy String",
        "filename": "packages/api/alembic/versions/d5e9a1c7b240_create_usage_counters.py",
        "hashed_secret": "789017a11458021072d01ea28cc27d4774ec9dbe",
        "is_verified": false,
        "line_number": 17
      }
    ],
    "packages/api/alembic/versions/dcab916f9edd_add_captures_and_capture_candidates_.py": [
      {
        "type": "Hex High Entropy String",
        "filename": "packages/api/alembic/versions/dcab916f9edd_add_captures_and_capture_candidates_.py",
        "hashed_secret": "63d0a40b31f714bd27a1acc7e4b224a1f13f7174",
        "is_verified": false,
        "line_number": 17
      }
    ],
    "packages/api/alembic/versions/e26e20621efc_add_audio_path_to_captures.py": [
      {
        "type": "Hex High Entropy String",
        "filename": "packages/api/alembic/versions/e26e20621efc_add_audio_path_to_captures.py",
        "hashed_secret": "63d0a40b31f714bd27a1acc7e4b224a1f13f7174",
        "is_verified": false,
        "line_number": 17
      }
    ],
    "packages/api/alembic/versions/e8b3d6c2a4f7_add_llm_semantic_cache.py": [
      {
        "type": "Hex High Entropy String",
        "filename": "packages/api/alembic/versions/e8b3d6c2a4f7_add_llm_semantic_cache.py",
        "hashed_secret": "a6497b606ae1d8914e3ea3468731e34c6040a162",
        "is_verified": false,
        "line_number": 23
      },
      {
        "type": "Hex High Entropy String",
        "filename": "packages/api/alembic/versions/e8b3d6c2a4f7_add_llm_semantic_cache.py",
        "hashed_secret": "1f30900d75c1c9a7fef724f842277a3aec2959e0",
        "is_verified": false,
        "line_number": 24
      }
    ],
    "packages/api/alembic/versions/f1a4c7e9d2b6_add_mfa_last_totp_step.py": [
      {
        "type": "Hex High Entropy String",
        "filename": "packages/api/alembic/versions/f1a4c7e9d2b6_add_mfa_last_totp_step.py",
        "hashed_secret": "66cc35052bf02f70efd42a5c7d1f70c3364cdb54",
        "is_verified": false,
        "line_number": 20
      },
      {
        "type": "Hex High Entropy String",
        "filename": "packages/api/alembic/versions/f1a4c7e9d2b6_add_mfa_last_totp_step.py",
        "hashed_secret": "a6497b606ae1d8914e3ea3468731e34c6040a162",
        "is_verified": false,
        "line_number": 21
      }
    ],
    "packages/api/alembic/versions/f3a1b8c92d47_add_image_path_to_captures.py": [
      {
        "type": "Hex High Entropy String",
        "filename": "packages/api/alembic/versions/f3a1b8c92d47_add_image_path_to_captures.py",
        "hashed_secret": "b63881f2fc0e4d871b17050d4b98da91a0c3f1de",
        "is_verified": false,
        "line_number": 16
      }
    ],
    "packages/api/alembic/versions/f7a2c4e91b08_unique_lower_email_index.py": [
      {
        "type": "Hex High Entropy String",
        "filename": "packages/api/alembic/versions/f7a2c4e91b08_unique_lower_email_index.py",
        "hashed_secret": "9c497cc6eb257f06b7379e4e8e00acc275911388",
        "is_verified": false,
        "line_number": 21
      },
      {
        "type": "Hex High Entropy String",
        "filename": "packages/api/alembic/versions/f7a2c4e91b08_unique_lower_email_index.py",
        "hashed_secret": "12b3b4dd9f7adc277a65bd1bf486c6142c0879ed",
        "is_verified": false,
        "line_number": 22
      }
    ],
    "packages/api/src/slate/config.py": [
      {
        "type": "Basic Auth Credentials",
        "filename": "packages/api/src/slate/config.py",
        "hashed_secret": "4ad75af70d6bfc638e293e0072e5ffd3577dc91a",
        "is_verified": false,
        "line_number": 21
      }
    ],
    "packages/api/src/slate/config_validation.py": [
      {
        "type": "Secret Keyword",
        "filename": "packages/api/src/slate/config_validation.py",
        "hashed_secret": "59eeadfe02912817f7f0bd17be2594ba8bc4c305",
        "is_verified": false,
        "line_number": 21
      }
    ],
    "packages/api/tests/conftest.py": [
      {
        "type": "Secret Keyword",
        "filename": "packages/api/tests/conftest.py",
        "hashed_secret": "ebcedd4c5aa12cd18fed22aec280ff07b84964ee",
        "is_verified": false,
        "line_number": 330
      }
    ],
    "packages/api/tests/test_account_integrity.py": [
      {
        "type": "Secret Keyword",
        "filename": "packages/api/tests/test_account_integrity.py",
        "hashed_secret": "120ddf6ad93f0186ff3274d9cdd5976426745496",
        "is_verified": false,
        "line_number": 92
      }
    ],
    "packages/api/tests/test_auth.py": [
      {
        "type": "Secret Keyword",
        "filename": "packages/api/tests/test_auth.py",
        "hashed_secret": "120ddf6ad93f0186ff3274d9cdd5976426745496",
        "is_verified": false,
        "line_number": 21
      },
      {
        "type": "Secret Keyword",
        "filename": "packages/api/tests/test_auth.py",
        "hashed_secret": "d8ecf7db8fc9ec9c31bc5c9ae2929cc599c75f8d",
        "is_verified": false,
        "line_number": 132
      },
      {
        "type": "Secret Keyword",
        "filename": "packages/api/tests/test_auth.py",
        "hashed_secret": "02b3bbaf45317fb81e8180a9aafa70441df098dd",
        "is_verified": false,
        "line_number": 139
      }
    ],
    "packages/api/tests/test_auth_identity_hygiene.py": [
      {
        "type": "Secret Keyword",
        "filename": "packages/api/tests/test_auth_identity_hygiene.py",
        "hashed_secret": "120ddf6ad93f0186ff3274d9cdd5976426745496",
        "is_verified": false,
        "line_number": 63
      }
    ],
    "packages/api/tests/test_auth_kill_switch.py": [
      {
        "type": "Secret Keyword",
        "filename": "packages/api/tests/test_auth_kill_switch.py",
        "hashed_secret": "120ddf6ad93f0186ff3274d9cdd5976426745496",
        "is_verified": false,
        "line_number": 21
      }
    ],
    "packages/api/tests/test_config_validation.py": [
      {
        "type": "Secret Keyword",
        "filename": "packages/api/tests/test_config_validation.py",
        "hashed_secret": "a0f4ea7d91495df92bbac2e2149dfb850fe81396",
        "is_verified": false,
        "line_number": 48
      }
    ],
    "packages/api/tests/test_cross_user_isolation.py": [
      {
        "type": "Secret Keyword",
        "filename": "packages/api/tests/test_cross_user_isolation.py",
        "hashed_secret": "ebcedd4c5aa12cd18fed22aec280ff07b84964ee",
        "is_verified": false,
        "line_number": 20
      }
    ],
    "packages/api/tests/test_game_create.py": [
      {
        "type": "Secret Keyword",
        "filename": "packages/api/tests/test_game_create.py",
        "hashed_secret": "ebcedd4c5aa12cd18fed22aec280ff07b84964ee",
        "is_verified": false,
        "line_number": 43
      }
    ],
    "packages/api/tests/test_igdb_client.py": [
      {
        "type": "Secret Keyword",
        "filename": "packages/api/tests/test_igdb_client.py",
        "hashed_secret": "e5e9fa1ba31ecd1ae84f75caaa474f3a663f05f4",
        "is_verified": false,
        "line_number": 70
      }
    ],
    "packages/api/tests/test_library.py": [
      {
        "type": "Secret Keyword",
        "filename": "packages/api/tests/test_library.py",
        "hashed_secret": "ebcedd4c5aa12cd18fed22aec280ff07b84964ee",
        "is_verified": false,
        "line_number": 726
      }
    ],
    "packages/mobile/.metadata": [
      {
        "type": "Hex High Entropy String",
        "filename": "packages/mobile/.metadata",
        "hashed_secret": "d5e50420881cfb3c3dc9b9430995aa0fefcca684",
        "is_verified": false,
        "line_number": 7
      }
    ],
    "packages/mobile/ios/Runner.xcodeproj/xcshareddata/xcschemes/Runner.xcscheme": [
      {
        "type": "Hex High Entropy String",
        "filename": "packages/mobile/ios/Runner.xcodeproj/xcshareddata/xcschemes/Runner.xcscheme",
        "hashed_secret": "2b423f610b8fbcbec67aa344b423212b034d7a9d",
        "is_verified": false,
        "line_number": 17
      },
      {
        "type": "Hex High Entropy String",
        "filename": "packages/mobile/ios/Runner.xcodeproj/xcshareddata/xcschemes/Runner.xcscheme",
        "hashed_secret": "1dafb929f50242c553cb0555c2ea755b85516e69",
        "is_verified": false,
        "line_number": 46
      }
    ]
  },
  "generated_at": "2026-07-02T00:46:12Z"
}
